// Jest Snapshot v1, https://goo.gl/fbAQLP

exports[`Embed should render default 1`] = `""`;
