// Jest Snapshot v1, https://goo.gl/fbAQLP

exports[`DateTime should match snapshot 1`] = `
<styled.time
  dateTime="14 June 2017"
>
  Published: 
  14 June 2017
</styled.time>
`;
