// Jest Snapshot v1, https://goo.gl/fbAQLP

exports[`Text should render text 1`] = `
<div
  dangerouslySetInnerHTML={
    Object {
      "__html": "<p> It's a baby put a bird on it cliche DIY swag photo booth portland helvetica slow-carb sartorial affogato drinking vinegarwhatever. Microdosing dreamcatcher coloring book tousled tattooed. <a href='www.google.com'>Search online</a> </p><p>Tumeric jianbing godard shaman lomo blog blue bottle cloud bread vaporware whatever vape drinking vinegar austinhashtag adaptogen. Post-ironic offal irony leggings brunch. Flexitarian hexagon banh mi, yuccie unicorn offal smallbatch af vice poke gluten-free brooklyn.</p><h2>Un ordered list</h2><p> baby put a bird on it cliche DIY swag photo booth portland helvetica slow-carb sartorial affogato drinking vinegarwhatever. Microdosing dreamcatcher coloring book tousled tattooed.</p><ul><li>One</li><li>Two</li><li>Three</li></ul><h3>Ordered List</h3><p> baby put a bird on it cliche DIY swag photo booth portland helvetica slow-carb sartorial affogato drinking vinegarwhatever. Microdosing dreamcatcher coloring book tousled tattooed.</p><ol><li>One</li><li>Two</li><li>Three</li></ol>",
    }
  }
/>
`;
