// Jest Snapshot v1, https://goo.gl/fbAQLP

exports[`PublisherLogoHeader should render 1`] = `
<Component
  config={Object {}}
/>
`;
