// Jest Snapshot v1, https://goo.gl/fbAQLP

exports[`IncompatibleBanner should render 1`] = `
<IncompatibleBannerBase
  story={Object {}}
/>
`;
