// Jest Snapshot v1, https://goo.gl/fbAQLP

exports[`Spacer should render 1`] = `
<styled.div
  data-test-id="styled-space-vertical"
  token="m"
/>
`;
