// Jest Snapshot v1, https://goo.gl/fbAQLP

exports[`dfp-ad component Should match snapshot 1`] = `
<Component
  config={Object {}}
  story={Object {}}
/>
`;
