// Jest Snapshot v1, https://goo.gl/fbAQLP

exports[`Image should render amp img with src 1`] = `
<div>
  <amp-img
    alt="Amazing image"
    height="500"
    layout="responsive"
    src="/amazingImage.jpg"
    width="400"
  />
</div>
`;
