// Jest Snapshot v1, https://goo.gl/fbAQLP

exports[`TopAd snapshot test 1`] = `
<TopAdBase
  config={Object {}}
/>
`;
