// Jest Snapshot v1, https://goo.gl/fbAQLP

exports[`DateUpdated should match snapshot 1`] = `
<Component
  formattedDate="8 months ago"
  prepend="Story Updated:"
/>
`;
