// Jest Snapshot v1, https://goo.gl/fbAQLP

exports[`CSV Table should match snapshot 1`] = `
<styled.table>
  <TableHead
    rowData={
      Array [
        "Recharge Plan",
        "FRC Amount in Rs",
        "Free Usage *",
        "Freebies Validity",
        "Plan Validity in Days",
      ]
    }
  />
  <tbody>
    <TableBodyRow
      index={0}
      key="0"
      rowData={
        Array [
          "Per Second 108",
          "108",
          "Unlimited calls to any network + 1GB/day + 500 SMS",
          "28 days",
          "60",
        ]
      }
    />
    <TableBodyRow
      index={1}
      key="1"
      rowData={
        Array [
          "Patanjali SIM (Only for Members)",
          "144 / 792 /1584",
          "unlimited calls + 2GB/day + 100 sms/day",
          "30 / 180 /365 days",
          "30 / 180 /365",
        ]
      }
    />
    <TableBodyRow
      index={2}
      key="2"
      rowData={
        Array [
          "153 Plan",
          "153",
          "Unlimited calls +1GB/day + 100 SMS/day + Free PRBT",
          "28 days",
          "180",
        ]
      }
    />
    <TableBodyRow
      index={3}
      key="3"
      rowData={
        Array [
          "186 Plan",
          "186",
          "Unlimited Free Calls + 2GB/day + 100 SMS/day",
          "28 days",
          "180",
        ]
      }
    />
    <TableBodyRow
      index={4}
      key="4"
      rowData={
        Array [
          "365 Plan",
          "365",
          "Unlimited calls + 2GB/day + 100 SMS/day +Free PRBT + Lodhun Contest",
          "60days",
          "365",
        ]
      }
    />
    <TableBodyRow
      index={5}
      key="5"
      rowData={
        Array [
          "Digital India",
          "429",
          "Free calls + 1GB/day data & 100 SMS/day",
          "81days",
          "180",
        ]
      }
    />
    <TableBodyRow
      index={6}
      key="6"
      rowData={
        Array [
          "485 Plan",
          "485",
          "Free Calls + 1.5GB/day + 100 SMS/day1",
          "90 days",
          "180",
        ]
      }
    />
    <TableBodyRow
      index={7}
      key="7"
      rowData={
        Array [
          "Sixer",
          "666",
          "Free calls + 1.5GB/day + 100 free SMS for 134 days",
          "134days",
          "180",
        ]
      }
    />
    <TableBodyRow
      index={8}
      key="8"
      rowData={
        Array [
          "Plan 699",
          "699",
          "Free Voice calls
 0.5GB/day
 100SMS/day
 Free Tune for first 60days",
          "160 days",
          "160",
        ]
      }
    />
    <TableBodyRow
      index={9}
      key="9"
      rowData={
        Array [
          "BSNL 997",
          "997",
          "Unlimited calls+ 3GB/day +100 SMS/day + Lokdhun Content + Sony Liv + Free Caller Tune",
          "180 days",
          "180",
        ]
      }
    />
    <TableBodyRow
      index={10}
      key="10"
      rowData={
        Array [
          "Maha Dhamaka",
          "1,699",
          "Free calls + unlimited data (2GB/day high speed) + 100 free SMS/day for 365 days",
          "300 days",
          "300",
        ]
      }
    />
    <TableBodyRow
      index={11}
      key="11"
      rowData={
        Array [
          "BSNL 1,999 
 (BSNL One Year Plan)",
          "1,999",
          "Unlimited calls + 3GB/day FUP + 100 SMS/day + Free Caller Tune + Lokdhun Contest",
          "365",
          "365",
        ]
      }
    />
    <TableBodyRow
      index={12}
      key="12"
      rowData={
        Array [
          "BSNL 2,399",
          "2,399",
          "Unlimited Voice calls every day
 100SMS per day
 Free Tune for first 60days",
          "600",
          "600",
        ]
      }
    />
    <TableBodyRow
      index={13}
      key="13"
      rowData={
        Array [
          "BSNL 110 Full Talktime Plan",
          "110",
          "110 mins talktime",
          "Until talktime limit reached ",
          "",
        ]
      }
    />
    <TableBodyRow
      index={14}
      key="14"
      rowData={
        Array [
          "BSNL 220 Full Talktime Plan",
          "220",
          "220 mins talktime",
          "Until talktime limit reached",
          "",
        ]
      }
    />
    <TableBodyRow
      index={15}
      key="15"
      rowData={
        Array [
          "BSNL 500 Full Talktime Plan",
          "500",
          "500 mins talktime",
          "Until talktime limit reached",
          "",
        ]
      }
    />
    <TableBodyRow
      index={16}
      key="16"
      rowData={
        Array [
          "BSNL 2,220 Full Talktime Plan",
          "2,200",
          "2,200 mins talktime",
          "Until talktime limit reached",
          "",
        ]
      }
    />
    <TableBodyRow
      index={17}
      key="17"
      rowData={
        Array [
          "BSNL 2,500 Full Talktime Plan",
          "2,500",
          "2,500 mins talktime",
          "Until talktime limit reached",
          "",
        ]
      }
    />
    <TableBodyRow
      index={18}
      key="18"
      rowData={
        Array [
          "1 GB 3G Data Plan",
          "",
          "1 GB of 3G speed data ",
          "1 Day",
          "",
        ]
      }
    />
    <TableBodyRow
      index={19}
      key="19"
      rowData={
        Array [
          "2 GB/per Day Combo 3G Data Plan",
          "198",
          "2GB per day of 3G speed data",
          "54 Days",
          "",
        ]
      }
    />
    <TableBodyRow
      index={20}
      key="20"
      rowData={
        Array [
          "Rs 7.47 Talktime Recharge",
          "10",
          "7.47 mins of talktime only",
          "Until talktime limit reached",
          "",
        ]
      }
    />
    <TableBodyRow
      index={21}
      key="21"
      rowData={
        Array [
          "BSNL SMS Pack 13",
          "13",
          "Free 130 local and national SMS",
          "7 Days",
          "",
        ]
      }
    />
    <TableBodyRow
      index={22}
      key="22"
      rowData={
        Array [
          "BSNL Rs 147 Pre-Paid Plan",
          "147",
          "Unlimited calls with FUP of 250 minutes and unlimited SMS",
          "30 Days",
          "",
        ]
      }
    />
    <TableBodyRow
      index={23}
      key="23"
      rowData={
        Array [
          "BSNL Rs 599 WFM Plan",
          "599",
          "Unlimited calls, 5 GB data",
          "90 Days",
          "",
        ]
      }
    />
    <TableBodyRow
      index={24}
      key="24"
      rowData={
        Array [
          "BSNL Rs 502 Pre-Paid Plan",
          "503",
          "2G/3G Data: 1 GB / Day, Local, Unlimited calls, 100 SMS / Day",
          "90 Days",
          "",
        ]
      }
    />
  </tbody>
</styled.table>
`;
